// Jest Snapshot v1, https://goo.gl/fbAQLP

exports[`atoms: Select snapshot 1`] = `
.c1 {
  font-weight: 700;
  color: inherit;
  font-size: 14px;
}

.c0 {
  display: flex;
  flex-direction: column;
}

.c0 select {
  margin-top: 8px;
  background-color: #dee3ed;
  padding: 16px;
  border-radius: 8px;
}

.c0 select:hover {
  cursor: pointer;
}

<div
  className="c0"
>
  <label
    htmlFor="test-id"
  >
    <span
      className="c1"
      fontSize={
        {
          "mobile": "xs",
        }
      }
      fontWeight="bold"
    >
      test-label
    </span>
  </label>
  <select
    id="test-id"
    name="test-name"
    onChange={[Function]}
  >
    <option
      value="lorem-ipsum"
    >
      Lorem Ipsum
    </option>
  </select>
</div>
`;
